
[38;5;250m███████╗██╗  ██╗██╗██╗     ██╗     ███████╗[0m
[38;5;248m██╔════╝██║ ██╔╝██║██║     ██║     ██╔════╝[0m
[38;5;245m███████╗█████╔╝ ██║██║     ██║     ███████╗[0m
[38;5;243m╚════██║██╔═██╗ ██║██║     ██║     ╚════██║[0m
[38;5;240m███████║██║  ██╗██║███████╗███████╗███████║[0m
[38;5;238m╚══════╝╚═╝  ╚═╝╚═╝╚══════╝╚══════╝╚══════╝[0m

┌   skills 
│
│  Tip: use the --yes (-y) and --global (-g) flags to install without prompts.
[?25l│
◇  Source: https://github.com/solana-foundation/solana-dev-skill.git
[?25h[?25l│
◒  Cloning repository…[1G[J◐  Cloning repository…[1G[J◓  Cloning repository…[1G[J◑  Cloning repository…[1G[J◒  Cloning repository…[1G[J◐  Cloning repository…[1G[J◓  Cloning repository…[1G[J◑  Cloning repository…[1G[J◒  Cloning repository….[1G[J◐  Cloning repository….[1G[J◓  Cloning repository….[1G[J◑  Cloning repository….[1G[J◒  Cloning repository….[1G[J◐  Cloning repository….[1G[J◓  Cloning repository….[1G[J◑  Cloning repository….[1G[J◒  Cloning repository…..[1G[J◐  Cloning repository…..[1G[J◓  Cloning repository…..[1G[J◑  Cloning repository…..[1G[J◒  Cloning repository…..[1G[J◐  Cloning repository…..[1G[J◓  Cloning repository…..[1G[J◑  Cloning repository…..[1G[J◒  Cloning repository…...[1G[J◐  Cloning repository…...[1G[J◓  Cloning repository…...[1G[J◑  Cloning repository…...[1G[J◒  Cloning repository…...[1G[J◐  Cloning repository…...[1G[J◓  Cloning repository…...[1G[J◇  Repository cloned
[?25h[?25l│
[1G[J◇  No skills found
[?25h│
└  No valid skills found. Skills require a SKILL.md with name and description.


⚠ Skipped /var/folders/yf/69mst33919s1r60gp4tr10lm0000gp/T/skills-5nfnJN/skills/solana-dev/SKILL.md — YAML parse error: Nested mappings are not allowed in compact mappings at line 2, column 14:

description: Use when user asks to "build a Solana dapp", "write an Anchor prog…
             ^

